#-----------------------------------------------------------
# Vivado v2016.1 (64-bit)
# SW Build 1538259 on Fri Apr  8 15:45:27 MDT 2016
# IP Build 1537824 on Fri Apr  8 04:28:57 MDT 2016
# Start of session at: Fri Apr 29 10:13:23 2016
# Process ID: 9252
# Current directory: C:/Users/junhao.zhang.freddie/Vivado_Projects/lab7/Stop_Watch/Stop_Watch
# Command line: vivado.exe -gui_launcher_event rodinguilauncherevent604 C:\Users\junhao.zhang.freddie\Vivado_Projects\lab7\Stop_Watch\Stop_Watch\Stop_Watch.xpr
# Log file: C:/Users/junhao.zhang.freddie/Vivado_Projects/lab7/Stop_Watch/Stop_Watch/vivado.log
# Journal file: C:/Users/junhao.zhang.freddie/Vivado_Projects/lab7/Stop_Watch/Stop_Watch\vivado.jou
#-----------------------------------------------------------
start_gui
open_project C:/Users/junhao.zhang.freddie/Vivado_Projects/lab7/Stop_Watch/Stop_Watch/Stop_Watch.xpr
update_compile_order -fileset sources_1
launch_runs synth_1
wait_on_run synth_1
launch_runs impl_1 -to_step write_bitstream
wait_on_run impl_1
reset_run synth_1
launch_runs impl_1 -to_step write_bitstream
wait_on_run impl_1
reset_run synth_1
launch_runs impl_1 -to_step write_bitstream
wait_on_run impl_1
reset_run synth_1
launch_runs impl_1 -to_step write_bitstream
wait_on_run impl_1
reset_run synth_1
launch_runs synth_1
wait_on_run synth_1
launch_runs impl_1
wait_on_run impl_1
launch_runs impl_1 -to_step write_bitstream
wait_on_run impl_1
reset_run synth_1
launch_runs impl_1 -to_step write_bitstream
wait_on_run impl_1
reset_run synth_1
launch_runs synth_1
wait_on_run synth_1
launch_runs impl_1 -to_step write_bitstream
wait_on_run impl_1
open_hw
connect_hw_server
open_hw_target
set_property PROGRAM.FILE {C:/Users/junhao.zhang.freddie/Vivado_Projects/lab7/Stop_Watch/Stop_Watch/Stop_Watch.runs/impl_1/stopwatch.bit} [lindex [get_hw_devices] 0]
current_hw_device [lindex [get_hw_devices] 0]
refresh_hw_device -update_hw_probes false [lindex [get_hw_devices] 0]
set_property PROBES.FILE {} [lindex [get_hw_devices] 0]
set_property PROGRAM.FILE {C:/Users/junhao.zhang.freddie/Vivado_Projects/lab7/Stop_Watch/Stop_Watch/Stop_Watch.runs/impl_1/stopwatch.bit} [lindex [get_hw_devices] 0]
program_hw_devices [lindex [get_hw_devices] 0]
refresh_hw_device [lindex [get_hw_devices] 0]
reset_run synth_1
launch_runs synth_1
wait_on_run synth_1
launch_runs impl_1 -to_step write_bitstream
wait_on_run impl_1
set_property PROBES.FILE {} [lindex [get_hw_devices] 0]
set_property PROGRAM.FILE {C:/Users/junhao.zhang.freddie/Vivado_Projects/lab7/Stop_Watch/Stop_Watch/Stop_Watch.runs/impl_1/stopwatch.bit} [lindex [get_hw_devices] 0]
program_hw_devices [lindex [get_hw_devices] 0]
refresh_hw_device [lindex [get_hw_devices] 0]
reset_run impl_1 -prev_step 
launch_runs impl_1 -to_step write_bitstream
wait_on_run impl_1
set_property PROBES.FILE {} [lindex [get_hw_devices] 0]
set_property PROGRAM.FILE {C:/Users/junhao.zhang.freddie/Vivado_Projects/lab7/Stop_Watch/Stop_Watch/Stop_Watch.runs/impl_1/stopwatch.bit} [lindex [get_hw_devices] 0]
program_hw_devices [lindex [get_hw_devices] 0]
refresh_hw_device [lindex [get_hw_devices] 0]
reset_run synth_1
launch_runs synth_1
wait_on_run synth_1
launch_runs impl_1 -to_step write_bitstream
wait_on_run impl_1
set_property PROBES.FILE {} [lindex [get_hw_devices] 0]
set_property PROGRAM.FILE {C:/Users/junhao.zhang.freddie/Vivado_Projects/lab7/Stop_Watch/Stop_Watch/Stop_Watch.runs/impl_1/stopwatch.bit} [lindex [get_hw_devices] 0]
program_hw_devices [lindex [get_hw_devices] 0]
refresh_hw_device [lindex [get_hw_devices] 0]
reset_run synth_1
launch_runs synth_1
wait_on_run synth_1
launch_runs impl_1 -to_step write_bitstream
wait_on_run impl_1
close [ open C:/Users/junhao.zhang.freddie/Vivado_Projects/lab7/Stop_Watch/Stop_Watch/Stop_Watch.srcs/sources_1/new/wrapper.v w ]
add_files C:/Users/junhao.zhang.freddie/Vivado_Projects/lab7/Stop_Watch/Stop_Watch/Stop_Watch.srcs/sources_1/new/wrapper.v
update_compile_order -fileset sources_1
close [ open C:/Users/junhao.zhang.freddie/Vivado_Projects/lab7/Stop_Watch/Stop_Watch/Stop_Watch.srcs/sources_1/new/Clkdiv.v w ]
add_files C:/Users/junhao.zhang.freddie/Vivado_Projects/lab7/Stop_Watch/Stop_Watch/Stop_Watch.srcs/sources_1/new/Clkdiv.v
close [ open C:/Users/junhao.zhang.freddie/Vivado_Projects/lab7/Stop_Watch/Stop_Watch/Stop_Watch.srcs/sources_1/new/ClkDivider.v w ]
add_files C:/Users/junhao.zhang.freddie/Vivado_Projects/lab7/Stop_Watch/Stop_Watch/Stop_Watch.srcs/sources_1/new/ClkDivider.v
update_compile_order -fileset sources_1
reset_run synth_1
launch_runs synth_1
wait_on_run synth_1
update_compile_order -fileset sources_1
update_compile_order -fileset sim_1
close [ open C:/Users/junhao.zhang.freddie/Vivado_Projects/lab7/Stop_Watch/Stop_Watch/Stop_Watch.srcs/sources_1/new/counter.v w ]
add_files C:/Users/junhao.zhang.freddie/Vivado_Projects/lab7/Stop_Watch/Stop_Watch/Stop_Watch.srcs/sources_1/new/counter.v
update_compile_order -fileset sources_1
reset_run synth_1
launch_runs synth_1
wait_on_run synth_1
launch_runs impl_1
wait_on_run impl_1
launch_runs impl_1 -to_step write_bitstream
wait_on_run impl_1
set_property PROBES.FILE {} [lindex [get_hw_devices] 0]
set_property PROGRAM.FILE {C:/Users/junhao.zhang.freddie/Vivado_Projects/lab7/Stop_Watch/Stop_Watch/Stop_Watch.runs/impl_1/wrapper.bit} [lindex [get_hw_devices] 0]
program_hw_devices [lindex [get_hw_devices] 0]
refresh_hw_device [lindex [get_hw_devices] 0]
reset_run synth_1
launch_runs synth_1
wait_on_run synth_1
remove_files C:/Users/junhao.zhang.freddie/Vivado_Projects/lab7/Stop_Watch/Stop_Watch/Stop_Watch.srcs/sources_1/new/ClkDivider.v
file delete -force C:/Users/junhao.zhang.freddie/Vivado_Projects/lab7/Stop_Watch/Stop_Watch/Stop_Watch.srcs/sources_1/new/ClkDivider.v
reset_run synth_1
launch_runs synth_1
wait_on_run synth_1
launch_runs impl_1
wait_on_run impl_1
launch_runs impl_1 -to_step write_bitstream
wait_on_run impl_1
set_property PROBES.FILE {} [lindex [get_hw_devices] 0]
set_property PROGRAM.FILE {C:/Users/junhao.zhang.freddie/Vivado_Projects/lab7/Stop_Watch/Stop_Watch/Stop_Watch.runs/impl_1/wrapper.bit} [lindex [get_hw_devices] 0]
program_hw_devices [lindex [get_hw_devices] 0]
refresh_hw_device [lindex [get_hw_devices] 0]
reset_run synth_1
launch_runs synth_1
wait_on_run synth_1
launch_runs impl_1
wait_on_run impl_1
launch_runs impl_1 -to_step write_bitstream
wait_on_run impl_1
set_property PROBES.FILE {} [lindex [get_hw_devices] 0]
set_property PROGRAM.FILE {C:/Users/junhao.zhang.freddie/Vivado_Projects/lab7/Stop_Watch/Stop_Watch/Stop_Watch.runs/impl_1/wrapper.bit} [lindex [get_hw_devices] 0]
program_hw_devices [lindex [get_hw_devices] 0]
refresh_hw_device [lindex [get_hw_devices] 0]
reset_run synth_1
launch_runs synth_1
wait_on_run synth_1
launch_runs impl_1
wait_on_run impl_1
launch_runs impl_1 -to_step write_bitstream
wait_on_run impl_1
set_property PROBES.FILE {} [lindex [get_hw_devices] 0]
set_property PROGRAM.FILE {C:/Users/junhao.zhang.freddie/Vivado_Projects/lab7/Stop_Watch/Stop_Watch/Stop_Watch.runs/impl_1/wrapper.bit} [lindex [get_hw_devices] 0]
program_hw_devices [lindex [get_hw_devices] 0]
refresh_hw_device [lindex [get_hw_devices] 0]
remove_files C:/Users/junhao.zhang.freddie/Vivado_Projects/lab7/Stop_Watch/Stop_Watch/Stop_Watch.srcs/sources_1/new/stopwatch.v
file delete -force C:/Users/junhao.zhang.freddie/Vivado_Projects/lab7/Stop_Watch/Stop_Watch/Stop_Watch.srcs/sources_1/new/stopwatch.v
reset_run synth_1
launch_runs synth_1
wait_on_run synth_1
launch_runs impl_1
wait_on_run impl_1
launch_runs impl_1 -to_step write_bitstream
wait_on_run impl_1
set_property PROBES.FILE {} [lindex [get_hw_devices] 0]
set_property PROGRAM.FILE {C:/Users/junhao.zhang.freddie/Vivado_Projects/lab7/Stop_Watch/Stop_Watch/Stop_Watch.runs/impl_1/wrapper.bit} [lindex [get_hw_devices] 0]
program_hw_devices [lindex [get_hw_devices] 0]
refresh_hw_device [lindex [get_hw_devices] 0]
reset_run synth_1
launch_runs synth_1
wait_on_run synth_1
launch_runs impl_1
wait_on_run impl_1
launch_runs impl_1 -to_step write_bitstream
wait_on_run impl_1
set_property PROBES.FILE {} [lindex [get_hw_devices] 0]
set_property PROGRAM.FILE {C:/Users/junhao.zhang.freddie/Vivado_Projects/lab7/Stop_Watch/Stop_Watch/Stop_Watch.runs/impl_1/wrapper.bit} [lindex [get_hw_devices] 0]
program_hw_devices [lindex [get_hw_devices] 0]
refresh_hw_device [lindex [get_hw_devices] 0]
reset_run synth_1
launch_runs synth_1
wait_on_run synth_1
launch_runs impl_1
wait_on_run impl_1
launch_runs impl_1 -to_step write_bitstream
wait_on_run impl_1
set_property PROBES.FILE {} [lindex [get_hw_devices] 0]
set_property PROGRAM.FILE {C:/Users/junhao.zhang.freddie/Vivado_Projects/lab7/Stop_Watch/Stop_Watch/Stop_Watch.runs/impl_1/wrapper.bit} [lindex [get_hw_devices] 0]
program_hw_devices [lindex [get_hw_devices] 0]
refresh_hw_device [lindex [get_hw_devices] 0]
reset_run synth_1
launch_runs synth_1
wait_on_run synth_1
launch_runs impl_1
wait_on_run impl_1
launch_runs impl_1 -to_step write_bitstream
wait_on_run impl_1
set_property PROBES.FILE {} [lindex [get_hw_devices] 0]
set_property PROGRAM.FILE {C:/Users/junhao.zhang.freddie/Vivado_Projects/lab7/Stop_Watch/Stop_Watch/Stop_Watch.runs/impl_1/wrapper.bit} [lindex [get_hw_devices] 0]
program_hw_devices [lindex [get_hw_devices] 0]
refresh_hw_device [lindex [get_hw_devices] 0]
reset_run synth_1
launch_runs synth_1
wait_on_run synth_1
reset_run synth_1
launch_runs synth_1
wait_on_run synth_1
reset_run synth_1
launch_runs synth_1
wait_on_run synth_1
reset_run synth_1
launch_runs synth_1
wait_on_run synth_1
reset_run synth_1
launch_runs synth_1
wait_on_run synth_1
reset_run synth_1
launch_runs synth_1
wait_on_run synth_1
reset_run synth_1
launch_runs synth_1
wait_on_run synth_1
reset_run synth_1
launch_runs synth_1
wait_on_run synth_1
launch_runs impl_1
wait_on_run impl_1
launch_runs impl_1 -to_step write_bitstream
wait_on_run impl_1
set_property PROBES.FILE {} [lindex [get_hw_devices] 0]
set_property PROGRAM.FILE {C:/Users/junhao.zhang.freddie/Vivado_Projects/lab7/Stop_Watch/Stop_Watch/Stop_Watch.runs/impl_1/wrapper.bit} [lindex [get_hw_devices] 0]
program_hw_devices [lindex [get_hw_devices] 0]
refresh_hw_device [lindex [get_hw_devices] 0]
reset_run synth_1
launch_runs synth_1
wait_on_run synth_1
reset_run synth_1
launch_runs impl_1
wait_on_run impl_1
launch_runs impl_1 -to_step write_bitstream
wait_on_run impl_1
set_property PROBES.FILE {} [lindex [get_hw_devices] 0]
set_property PROGRAM.FILE {C:/Users/junhao.zhang.freddie/Vivado_Projects/lab7/Stop_Watch/Stop_Watch/Stop_Watch.runs/impl_1/wrapper.bit} [lindex [get_hw_devices] 0]
program_hw_devices [lindex [get_hw_devices] 0]
refresh_hw_device [lindex [get_hw_devices] 0]
reset_run synth_1
launch_runs synth_1
wait_on_run synth_1
launch_runs impl_1
wait_on_run impl_1
launch_runs impl_1 -to_step write_bitstream
wait_on_run impl_1
set_property PROBES.FILE {} [lindex [get_hw_devices] 0]
set_property PROGRAM.FILE {C:/Users/junhao.zhang.freddie/Vivado_Projects/lab7/Stop_Watch/Stop_Watch/Stop_Watch.runs/impl_1/wrapper.bit} [lindex [get_hw_devices] 0]
program_hw_devices [lindex [get_hw_devices] 0]
refresh_hw_device [lindex [get_hw_devices] 0]
reset_run synth_1
launch_runs synth_1
wait_on_run synth_1
launch_runs impl_1
wait_on_run impl_1
reset_run synth_1
launch_runs synth_1
wait_on_run synth_1
reset_run synth_1
launch_runs synth_1
wait_on_run synth_1
reset_run synth_1
launch_runs synth_1
wait_on_run synth_1
reset_run synth_1
launch_runs synth_1
wait_on_run synth_1
launch_runs impl_1
wait_on_run impl_1
reset_run synth_1
launch_runs synth_1
wait_on_run synth_1
launch_runs impl_1
wait_on_run impl_1
reset_run synth_1
launch_runs synth_1
wait_on_run synth_1
launch_runs impl_1
wait_on_run impl_1
reset_run synth_1
launch_runs synth_1
wait_on_run synth_1
reset_run synth_1
launch_runs synth_1
wait_on_run synth_1
launch_runs impl_1
wait_on_run impl_1
reset_run synth_1
launch_runs synth_1
wait_on_run synth_1
reset_run synth_1
launch_runs synth_1
wait_on_run synth_1
reset_run synth_1
launch_runs synth_1
wait_on_run synth_1
reset_run synth_1
launch_runs synth_1
wait_on_run synth_1
launch_runs impl_1
wait_on_run impl_1
launch_runs impl_1 -to_step write_bitstream
wait_on_run impl_1
set_property PROBES.FILE {} [lindex [get_hw_devices] 0]
set_property PROGRAM.FILE {C:/Users/junhao.zhang.freddie/Vivado_Projects/lab7/Stop_Watch/Stop_Watch/Stop_Watch.runs/impl_1/wrapper.bit} [lindex [get_hw_devices] 0]
program_hw_devices [lindex [get_hw_devices] 0]
refresh_hw_device [lindex [get_hw_devices] 0]
reset_run synth_1
launch_runs synth_1
wait_on_run synth_1
launch_runs impl_1
wait_on_run impl_1
reset_run synth_1
launch_runs synth_1
wait_on_run synth_1
launch_runs impl_1
wait_on_run impl_1
launch_runs impl_1 -to_step write_bitstream
wait_on_run impl_1
set_property PROBES.FILE {} [lindex [get_hw_devices] 0]
set_property PROGRAM.FILE {C:/Users/junhao.zhang.freddie/Vivado_Projects/lab7/Stop_Watch/Stop_Watch/Stop_Watch.runs/impl_1/wrapper.bit} [lindex [get_hw_devices] 0]
program_hw_devices [lindex [get_hw_devices] 0]
refresh_hw_device [lindex [get_hw_devices] 0]
close [ open C:/Users/junhao.zhang.freddie/Vivado_Projects/lab7/Stop_Watch/Stop_Watch/Stop_Watch.srcs/sources_1/new/stopwatch.v w ]
add_files C:/Users/junhao.zhang.freddie/Vivado_Projects/lab7/Stop_Watch/Stop_Watch/Stop_Watch.srcs/sources_1/new/stopwatch.v
update_compile_order -fileset sources_1
remove_files C:/Users/junhao.zhang.freddie/Vivado_Projects/lab7/Stop_Watch/Stop_Watch/Stop_Watch.srcs/sources_1/new/wrapper.v
update_compile_order -fileset sources_1
update_compile_order -fileset sim_1
update_compile_order -fileset sources_1
remove_files C:/Users/junhao.zhang.freddie/Vivado_Projects/lab7/Stop_Watch/Stop_Watch/Stop_Watch.srcs/sources_1/new/Clkdiv.v
update_compile_order -fileset sources_1
update_compile_order -fileset sim_1
update_compile_order -fileset sources_1
remove_files C:/Users/junhao.zhang.freddie/Vivado_Projects/lab7/Stop_Watch/Stop_Watch/Stop_Watch.srcs/sources_1/new/counter.v
update_compile_order -fileset sources_1
update_compile_order -fileset sim_1
close [ open C:/Users/junhao.zhang.freddie/Vivado_Projects/lab7/Stop_Watch/Stop_Watch/Stop_Watch.srcs/sources_1/new/wrappers.v w ]
add_files C:/Users/junhao.zhang.freddie/Vivado_Projects/lab7/Stop_Watch/Stop_Watch/Stop_Watch.srcs/sources_1/new/wrappers.v
update_compile_order -fileset sources_1
file mkdir C:/Users/junhao.zhang.freddie/Vivado_Projects/lab7/Stop_Watch/Stop_Watch/Stop_Watch.srcs/sim_1/new
set_property SOURCE_SET sources_1 [get_filesets sim_1]
close [ open C:/Users/junhao.zhang.freddie/Vivado_Projects/lab7/Stop_Watch/Stop_Watch/Stop_Watch.srcs/sim_1/new/tb.v w ]
add_files -fileset sim_1 C:/Users/junhao.zhang.freddie/Vivado_Projects/lab7/Stop_Watch/Stop_Watch/Stop_Watch.srcs/sim_1/new/tb.v
update_compile_order -fileset sim_1
reset_run synth_1
launch_runs synth_1
wait_on_run synth_1
update_compile_order -fileset sources_1
update_compile_order -fileset sim_1
reset_run synth_1
launch_runs impl_1
wait_on_run impl_1
launch_simulation
launch_simulation
launch_simulation
launch_simulation
