#-----------------------------------------------------------
# Vivado v2015.4 (64-bit)
# SW Build 1412921 on Wed Nov 18 09:43:45 MST 2015
# IP Build 1412160 on Tue Nov 17 13:47:24 MST 2015
# Start of session at: Tue Mar 29 13:07:03 2016
# Process ID: 7288
# Current directory: C:/Users/junhao.zhang.freddie/Vivado_Projects/lab6/6.1/project_1/project_1
# Command line: vivado.exe -gui_launcher_event rodinguilauncherevent9988 C:\Users\junhao.zhang.freddie\Vivado_Projects\lab6\6.1\project_1\project_1\project_1.xpr
# Log file: C:/Users/junhao.zhang.freddie/Vivado_Projects/lab6/6.1/project_1/project_1/vivado.log
# Journal file: C:/Users/junhao.zhang.freddie/Vivado_Projects/lab6/6.1/project_1/project_1\vivado.jou
#-----------------------------------------------------------
start_gui
open_project C:/Users/junhao.zhang.freddie/Vivado_Projects/lab6/6.1/project_1/project_1/project_1.xpr
update_compile_order -fileset sources_1
launch_simulation
source cmp_tb.tcl
run all
run all
run all
run all
close_sim
