#-----------------------------------------------------------
# Vivado v2015.4 (64-bit)
# SW Build 1412921 on Wed Nov 18 09:43:45 MST 2015
# IP Build 1412160 on Tue Nov 17 13:47:24 MST 2015
# Start of session at: Fri Mar 18 22:25:16 2016
# Process ID: 16056
# Current directory: C:/Users/junhao.zhang.freddie/Vivado_Projects/lab5/project_2/project_4
# Command line: vivado.exe -gui_launcher_event rodinguilauncherevent15400 C:\Users\junhao.zhang.freddie\Vivado_Projects\lab5\project_2\project_4\project_2.xpr
# Log file: C:/Users/junhao.zhang.freddie/Vivado_Projects/lab5/project_2/project_4/vivado.log
# Journal file: C:/Users/junhao.zhang.freddie/Vivado_Projects/lab5/project_2/project_4\vivado.jou
#-----------------------------------------------------------
start_gui
open_project C:/Users/junhao.zhang.freddie/Vivado_Projects/lab5/project_2/project_4/project_2.xpr
launch_simulation
source tb.tcl
close_sim
launch_simulation
launch_simulation
source tb.tcl
close_sim
launch_simulation
source tb.tcl
run all
close_sim
